[INFO] Scanning for projects...
[INFO] 
[INFO] --------------------< com.jeanestime:fintrack-api >---------------------
[INFO] Building fintrack-api 0.0.1-SNAPSHOT
[INFO]   from pom.xml
[INFO] --------------------------------[ jar ]---------------------------------
[INFO] 
[INFO] --- resources:3.5.0:resources (default-resources) @ fintrack-api ---
[INFO] Copying 1 resource from src\main\resources to target\classes
[INFO] Copying 1 resource from src\main\resources to target\classes
[INFO] 
[INFO] --- compiler:3.15.0:compile (default-compile) @ fintrack-api ---
[INFO] Recompiling the module because of changed source code.
[INFO] Compiling 11 source files with javac [debug parameters release 21] to target\classes
[INFO] -------------------------------------------------------------
[ERROR] COMPILATION ERROR : 
[INFO] -------------------------------------------------------------
[ERROR] /C:/Users/Jean2/Documents/fintrack-api/src/main/java/com/jeanestime/fintrack/PersistenceIntegrationTest.java:[12,29] package org.junit.jupiter.api does not exist
[ERROR] /C:/Users/Jean2/Documents/fintrack-api/src/main/java/com/jeanestime/fintrack/PersistenceIntegrationTest.java:[14,45] package org.springframework.boot.test.context does not exist
[ERROR] /C:/Users/Jean2/Documents/fintrack-api/src/main/java/com/jeanestime/fintrack/PersistenceIntegrationTest.java:[20,36] package org.junit.jupiter.api does not exist
[ERROR] /C:/Users/Jean2/Documents/fintrack-api/src/main/java/com/jeanestime/fintrack/PersistenceIntegrationTest.java:[22,2] cannot find symbol
  symbol: class SpringBootTest
[ERROR] /C:/Users/Jean2/Documents/fintrack-api/src/main/java/com/jeanestime/fintrack/PersistenceIntegrationTest.java:[35,6] cannot find symbol
  symbol:   class Test
  location: class com.jeanestime.fintrack.PersistenceIntegrationTest
[ERROR] /C:/Users/Jean2/Documents/fintrack-api/src/main/java/com/jeanestime/fintrack/PersistenceIntegrationTest.java:[45,9] cannot find symbol
  symbol:   method assertNotNull(java.lang.Long)
  location: class com.jeanestime.fintrack.PersistenceIntegrationTest
[ERROR] /C:/Users/Jean2/Documents/fintrack-api/src/main/java/com/jeanestime/fintrack/PersistenceIntegrationTest.java:[56,9] cannot find symbol
  symbol:   method assertNotNull(java.lang.Long)
  location: class com.jeanestime.fintrack.PersistenceIntegrationTest
[ERROR] /C:/Users/Jean2/Documents/fintrack-api/src/main/java/com/jeanestime/fintrack/PersistenceIntegrationTest.java:[57,9] cannot find symbol
  symbol:   method assertEquals(java.lang.Long,java.lang.Long)
  location: class com.jeanestime.fintrack.PersistenceIntegrationTest
[ERROR] /C:/Users/Jean2/Documents/fintrack-api/src/main/java/com/jeanestime/fintrack/PersistenceIntegrationTest.java:[71,9] cannot find symbol
  symbol:   method assertNotNull(java.lang.Long)
  location: class com.jeanestime.fintrack.PersistenceIntegrationTest
[ERROR] /C:/Users/Jean2/Documents/fintrack-api/src/main/java/com/jeanestime/fintrack/PersistenceIntegrationTest.java:[72,9] cannot find symbol
  symbol:   method assertEquals(java.math.BigDecimal,java.math.BigDecimal)
  location: class com.jeanestime.fintrack.PersistenceIntegrationTest
[ERROR] /C:/Users/Jean2/Documents/fintrack-api/src/main/java/com/jeanestime/fintrack/PersistenceIntegrationTest.java:[77,9] cannot find symbol
  symbol:   method assertTrue(boolean)
  location: class com.jeanestime.fintrack.PersistenceIntegrationTest
[ERROR] /C:/Users/Jean2/Documents/fintrack-api/src/main/java/com/jeanestime/fintrack/PersistenceIntegrationTest.java:[83,9] cannot find symbol
  symbol:   method assertEquals(int,int)
  location: class com.jeanestime.fintrack.PersistenceIntegrationTest
[ERROR] /C:/Users/Jean2/Documents/fintrack-api/src/main/java/com/jeanestime/fintrack/PersistenceIntegrationTest.java:[92,9] cannot find symbol
  symbol:   method assertEquals(int,int)
  location: class com.jeanestime.fintrack.PersistenceIntegrationTest
[INFO] 13 errors 
[INFO] -------------------------------------------------------------
[INFO] ------------------------------------------------------------------------
[INFO] BUILD FAILURE
[INFO] ------------------------------------------------------------------------
[INFO] Total time:  2.543 s
[INFO] Finished at: 2026-09-24T19:56:39-03:00
[INFO] ------------------------------------------------------------------------
[ERROR] Failed to execute goal org.apache.maven.plugins:maven-compiler-plugin:3.15.0:compile (default-compile) on project fintrack-api: Compilation failure: Compilation failure: 
[ERROR] /C:/Users/Jean2/Documents/fintrack-api/src/main/java/com/jeanestime/fintrack/PersistenceIntegrationTest.java:[12,29] package org.junit.jupiter.api does not exist
[ERROR] /C:/Users/Jean2/Documents/fintrack-api/src/main/java/com/jeanestime/fintrack/PersistenceIntegrationTest.java:[14,45] package org.springframework.boot.test.context does not exist
[ERROR] /C:/Users/Jean2/Documents/fintrack-api/src/main/java/com/jeanestime/fintrack/PersistenceIntegrationTest.java:[20,36] package org.junit.jupiter.api does not exist
[ERROR] /C:/Users/Jean2/Documents/fintrack-api/src/main/java/com/jeanestime/fintrack/PersistenceIntegrationTest.java:[22,2] cannot find symbol
[ERROR]   symbol: class SpringBootTest
[ERROR] /C:/Users/Jean2/Documents/fintrack-api/src/main/java/com/jeanestime/fintrack/PersistenceIntegrationTest.java:[35,6] cannot find symbol
[ERROR]   symbol:   class Test
[ERROR]   location: class com.jeanestime.fintrack.PersistenceIntegrationTest
[ERROR] /C:/Users/Jean2/Documents/fintrack-api/src/main/java/com/jeanestime/fintrack/PersistenceIntegrationTest.java:[45,9] cannot find symbol
[ERROR]   symbol:   method assertNotNull(java.lang.Long)
[ERROR]   location: class com.jeanestime.fintrack.PersistenceIntegrationTest
[ERROR] /C:/Users/Jean2/Documents/fintrack-api/src/main/java/com/jeanestime/fintrack/PersistenceIntegrationTest.java:[56,9] cannot find symbol
[ERROR]   symbol:   method assertNotNull(java.lang.Long)
[ERROR]   location: class com.jeanestime.fintrack.PersistenceIntegrationTest
[ERROR] /C:/Users/Jean2/Documents/fintrack-api/src/main/java/com/jeanestime/fintrack/PersistenceIntegrationTest.java:[57,9] cannot find symbol
[ERROR]   symbol:   method assertEquals(java.lang.Long,java.lang.Long)
[ERROR]   location: class com.jeanestime.fintrack.PersistenceIntegrationTest
[ERROR] /C:/Users/Jean2/Documents/fintrack-api/src/main/java/com/jeanestime/fintrack/PersistenceIntegrationTest.java:[71,9] cannot find symbol
[ERROR]   symbol:   method assertNotNull(java.lang.Long)
[ERROR]   location: class com.jeanestime.fintrack.PersistenceIntegrationTest
[ERROR] /C:/Users/Jean2/Documents/fintrack-api/src/main/java/com/jeanestime/fintrack/PersistenceIntegrationTest.java:[72,9] cannot find symbol
[ERROR]   symbol:   method assertEquals(java.math.BigDecimal,java.math.BigDecimal)
[ERROR]   location: class com.jeanestime.fintrack.PersistenceIntegrationTest
[ERROR] /C:/Users/Jean2/Documents/fintrack-api/src/main/java/com/jeanestime/fintrack/PersistenceIntegrationTest.java:[77,9] cannot find symbol
[ERROR]   symbol:   method assertTrue(boolean)
[ERROR]   location: class com.jeanestime.fintrack.PersistenceIntegrationTest
[ERROR] /C:/Users/Jean2/Documents/fintrack-api/src/main/java/com/jeanestime/fintrack/PersistenceIntegrationTest.java:[83,9] cannot find symbol
[ERROR]   symbol:   method assertEquals(int,int)
[ERROR]   location: class com.jeanestime.fintrack.PersistenceIntegrationTest
[ERROR] /C:/Users/Jean2/Documents/fintrack-api/src/main/java/com/jeanestime/fintrack/PersistenceIntegrationTest.java:[92,9] cannot find symbol
[ERROR]   symbol:   method assertEquals(int,int)
[ERROR]   location: class com.jeanestime.fintrack.PersistenceIntegrationTest
[ERROR] -> [Help 1]
[ERROR] 
[ERROR] To see the full stack trace of the errors, re-run Maven with the -e switch.
[ERROR] Re-run Maven using the -X switch to enable full debug logging.
[ERROR] 
[ERROR] For more information about the errors and possible solutions, please read the following articles:
[ERROR] [Help 1] http://cwiki.apache.org/confluence/display/MAVEN/MojoFailureException
